// Jest Snapshot v1, https://goo.gl/fbAQLP

exports[`<App /> should render correctly 1`] = `
<div
  className="app"
>
  <Route
    exact={true}
    path="/"
    render={[Function]}
  />
  <Route
    path="/search"
    render={[Function]}
  />
</div>
`;
